
ROM used:   3618/16384 (22%)
            3767/16384 (23%) including unused fragments

            0.6 Average locations per line
            4.3 Average locations per statement

RAM used:   293/2048 (14%) at main() level
            356/2048 (17%) worst case

Stack used: 0 worst case (0 in main + 0 for interrupts)
Stack size: 16

Lines Stmts  %   Files
----- ----- ---  -----
  537   229  27  main.c
 1385     0   0  ..\..\..\..\Program Files (x86)\PICC\devices\16F18326.h
 1352   359  42  ..\..\..\..\Program Files (x86)\PICC\drivers\stdlib.h
   32     0   0  ..\..\..\..\Program Files (x86)\PICC\drivers\stddef.h
  435     0   0  ..\..\..\..\Program Files (x86)\PICC\drivers\string.h
   28     0   0  ..\..\..\..\Program Files (x86)\PICC\drivers\ctype.h
   37     0   0  ..\..\..\..\Program Files (x86)\PICC\drivers\stdio.h
 2227   258  30  ..\..\..\..\Program Files (x86)\PICC\drivers\math.h
  287     0   0  pic_ph_atlas_emu.h
----- -----
 6320   846 Total

Page ROM  %  RAM    Vol Diff  Functions:
---- --- --- ---    --- ----  ----------
0     65   2    5    243  7.0  strcmp
 Inline         5    140  5.0  strlen
0    156   4   13             @MULFF
0     31   1    2             @ITOF
1    382  11   23             @ADDFF
0    204   6   15             @DIVFF
1    314   9   21   1549 12.4  strtof
0     22   1    1             @delay_ms1
 Inline         1             @I2C_WRITE_1
0     21   1    1             @I2C_WRITEU_2
0     16   0    1             @I2C_READU_2
0     80   2    4    549  6.2  SSP_isr_slave
1    370  10    7   1005  6.1  MAIN
0     81   2    4    340  4.7  config_PIC
0    378  10   14   2402 12.1  parsing_in_buffer
0     49   1    6    182  5.7  identifica_comando
1    633  17    1    339  4.1  monta_out_buffer
1     21   1    0             @goto29095
0    197   5    6   1017  8.9  isStr_float
 Inline        20    250  4.3  get_ph_value
 Inline         5    239  4.8  ANPH_R
0     13   0    1             @SPRINTF
 Inline         5             @FTOSD
0     79   2   16             @DIV3232
0    245   7   16             @PRINTF_L32D_1297FPFPF
 Inline         0    294  5.3  ANPH_T
 Inline         5    319  5.4  ANPH_RT
 Inline         1    401  5.6  ANPH_FIND
 Inline         0    116  4.2  ANPH_L
 Inline         2    191  3.6  adc_init
 Inline         7   1700  7.6  read_adc_mcp3421
0    229   6   16    282  3.3  read_adc_volts_mcp3421
 Inline         5             @SDTOF
 Inline         0             @cinit1

Program metrics:
    Functions               19
    Statements              846
    Comments                1210
    Volume (V)              18766
    Difficulty (D)          116.8
    Effort to implement (E) 2191409
    Time to implement (T)   33 hours, 49 minutes
    Est Delivered Bugs (B)  6
    Cyclomatic Complexity   80
    Maintainability (MI)    63

 Segment     Used  Free
-----------  ----  ----
00000-00002     3  0  
00003-00003     0  1  
00004-00020    29  0  
00021-007FF  1866  149  
00800-00FFF  1720  328  
01000-017FF     0  2048  
01800-01FFF     0  2048  
02000-027FF     0  2048  
02800-02FFF     0  2048  
03000-037FF     0  2048  
03800-03FFF     0  2048  



